// Jest Snapshot v1, https://goo.gl/fbAQLP

exports[`ChangePassword: initial UI Renders properly 1`] = `
<Provider
  store={
    Object {
      "clearActions": [Function],
      "dispatch": [Function],
      "getActions": [Function],
      "getState": [Function],
      "replaceReducer": [Function],
      "subscribe": [Function],
    }
  }
>
  <ChangePassword
    userId="testID"
  >
    <Wrapper>
      <div
        className="formWrapper"
      >
        <h3
          className="miniHeader"
        >
          Change password
        </h3>
        <Label>
          <span
            className="label"
          >
            Current password:
          </span>
        </Label>
        <Input
          controlEvents={
            Object {
              "handleBlur": [Function],
              "handleChange": [Function],
            }
          }
          name="currentPassword"
          placeholder=""
          type="password"
          value=""
        >
          <input
            className="textInput"
            name="currentPassword"
            onBlur={[Function]}
            onChange={[Function]}
            type="password"
            value=""
          />
        </Input>
        <Label>
          <span
            className="label"
          >
            New password:
          </span>
        </Label>
        <Input
          controlEvents={
            Object {
              "handleBlur": [Function],
              "handleChange": [Function],
            }
          }
          name="password"
          placeholder=""
          type="password"
          value=""
        >
          <input
            className="textInput"
            name="password"
            onBlur={[Function]}
            onChange={[Function]}
            type="password"
            value=""
          />
        </Input>
        <Label>
          <span
            className="label"
          >
            Confirm new password:
          </span>
        </Label>
        <Input
          controlEvents={
            Object {
              "handleBlur": [Function],
              "handleChange": [Function],
            }
          }
          name="confirmPassword"
          placeholder=""
          type="password"
          value=""
        >
          <input
            className="textInput"
            name="confirmPassword"
            onBlur={[Function]}
            onChange={[Function]}
            type="password"
            value=""
          />
        </Input>
        <Footer>
          <div
            className="formFooter"
          >
            <Button
              disabled={false}
              handleClick={[Function]}
            >
              <button
                className="button btnPrimary"
                disabled={false}
                onClick={[Function]}
                type="button"
              >
                Change password
              </button>
            </Button>
          </div>
        </Footer>
      </div>
    </Wrapper>
  </ChangePassword>
</Provider>
`;
