// Jest Snapshot v1, https://goo.gl/fbAQLP

exports[`Renders properly 1`] = `
<Provider
  store={
    Object {
      "clearActions": [Function],
      "dispatch": [Function],
      "getActions": [Function],
      "getState": [Function],
      "replaceReducer": [Function],
      "subscribe": [Function],
    }
  }
>
  <LogOut>
    <Loading>
      <div
        className="loadingScreen"
      >
        <div>
          Loading
        </div>
        <br />
        <div
          className="barContainer"
        >
          <div
            className="bar"
          />
          <div
            className="bar delay1"
          />
          <div
            className="bar delay2"
          />
        </div>
      </div>
    </Loading>
  </LogOut>
</Provider>
`;
